src/core/workflow/index.ts(128,24): error TS2345: Argument of type 'string' is not assignable to parameter of type 'string & Brand<"SessionID">'.
  Type 'string' is not assignable to type 'Brand<"SessionID">'.
src/core/workflow/index.ts(133,27): error TS4104: The type 'readonly ({ readonly type: "text"; readonly id: string; readonly text: string; } | { readonly type: "reasoning"; readonly id: string; readonly text: string; readonly providerMetadata?: { readonly [x: string]: { readonly [x: string]: unknown; }; } | undefined; readonly time?: { ...; } | undefined; } | { ...; })[]' is 'readonly' and cannot be assigned to the mutable type '{ type: string; text?: unknown; }[]'.
src/core/workflow/index.ts(158,33): error TS2352: Conversion of type 'Effect<ReadonlySet<string & Brand<"SessionID">>, never, never>' to type 'Effect<Set<string>, never, never>' may be a mistake because neither type sufficiently overlaps with the other. If this was intentional, convert the expression to 'unknown' first.
  Type 'ReadonlySet<string & Brand<"SessionID">>' is missing the following properties from type 'Set<string>': add, clear, delete, [Symbol.toStringTag]
src/core/workflow/index.ts(199,54): error TS4104: The type 'readonly WorkflowRunStep[]' is 'readonly' and cannot be assigned to the mutable type 'WorkflowRunStep[]'.
src/core/workflow/index.ts(224,80): error TS2322: Type 'Effect<WorkflowDef[], Error, never>' is not assignable to type 'Effect<WorkflowDef[], never, never>'.
  Type 'Error' is not assignable to type 'never'.
    Type 'FileSystemError' is not assignable to type 'never'.
src/core/workflow/index.ts(225,103): error TS2322: Type 'Effect<WorkflowDef | undefined, Error, never>' is not assignable to type 'Effect<WorkflowDef | undefined, never, never>'.
  Type 'Error' is not assignable to type 'never'.
    Type 'FileSystemError' is not assignable to type 'never'.
src/core/workflow/index.ts(226,7): error TS2322: Type '({ workflow, sessionID, directory }: { workflow: string; sessionID: string; directory: string; }) => Effect.Effect<WorkflowRun, DefinitionError, never>' is not assignable to type '(input: { workflow: string; sessionID: string; directory: string; }) => Effect<WorkflowRun, never, never>'.
  Type 'Effect<WorkflowRun, DefinitionError, never>' is not assignable to type 'Effect<WorkflowRun, never, never>'.
    Type 'DefinitionError' is not assignable to type 'never'.
src/core/workflow/index.ts(227,9): error TS2322: Type 'Effect<WorkflowRun, DefinitionError | EffectDrizzleQueryError | Error, never>' is not assignable to type 'Effect<WorkflowRun, DefinitionError, never>'.
  Type 'DefinitionError | EffectDrizzleQueryError | Error' is not assignable to type 'DefinitionError'.
    Type 'EffectDrizzleQueryError' is not assignable to type 'DefinitionError'.
      Types of property '_tag' are incompatible.
        Type '"EffectDrizzleQueryError"' is not assignable to type '"Workflow.DefinitionError"'.
src/core/workflow/index.ts(243,13): error TS2769: No overload matches this call.
  The last overload gave the following error.
    Object literal may only specify known properties, and 'workflow' does not exist in type '{ current_step_index?: number | Placeholder<string, any> | SQL<unknown> | undefined; directory: string | Placeholder<string, any> | SQL<unknown>; error?: string | ... 3 more ... | undefined; ... 6 more ...; workflow: string | ... 1 more ... | SQL<...>; }[]'.
src/core/workflow/index.ts(252,19): error TS2339: Property 'runFork' does not exist on type 'typeof import("C:/gyc-code/node_modules/.bun/effect@4.0.0-beta.83/node_modules/effect/dist/Fiber")'.
src/core/workflow/index.ts(264,9): error TS2322: Type 'Effect<unknown, NotFoundError, unknown>' is not assignable to type 'Effect<void, NotFoundError, never>'.
  Type 'unknown' is not assignable to type 'void'.
src/core/workflow/index.ts(268,33): error TS2345: Argument of type '"NotFoundError"' is not assignable to parameter of type '"Workflow.NotFoundError" | readonly ["Workflow.NotFoundError", ..."Workflow.NotFoundError"[]]'.
src/core/workflow/state.test.ts(80,160): error TS2322: Type '{ ok: false; error: string; }' is not assignable to type 'StepOutcome'.
  Property 'summary' is missing in type '{ ok: false; error: string; }' but required in type '{ ok: false; error?: string | undefined; summary: string; }'.
src/core/workflow/state.test.ts(90,172): error TS2322: Type '{ ok: false; error: string; }' is not assignable to type 'StepOutcome'.
  Property 'summary' is missing in type '{ ok: false; error: string; }' but required in type '{ ok: false; error?: string | undefined; summary: string; }'.
src/core/workflow/state.test.ts(101,173): error TS2322: Type '{ ok: false; error: string; }' is not assignable to type 'StepOutcome'.
  Property 'summary' is missing in type '{ ok: false; error: string; }' but required in type '{ ok: false; error?: string | undefined; summary: string; }'.
src/core/workflow/state.test.ts(112,202): error TS2322: Type '{ ok: false; error: string; }' is not assignable to type 'StepOutcome'.
  Property 'summary' is missing in type '{ ok: false; error: string; }' but required in type '{ ok: false; error?: string | undefined; summary: string; }'.
src/core/workflow/state.test.ts(124,168): error TS2322: Type '{ ok: false; error: string; }' is not assignable to type 'StepOutcome'.
  Property 'summary' is missing in type '{ ok: false; error: string; }' but required in type '{ ok: false; error?: string | undefined; summary: string; }'.
src/core/workflow/state.ts(27,36): error TS2345: Argument of type 'unknown[]' is not assignable to parameter of type 'ParseError[]'.
  Type 'unknown' is not assignable to type 'ParseError'.
src/core/workflow/state.ts(31,79): error TS18046: 'e' is of type 'unknown'.
src/gyccode/cli/cmd/attach.ts(86,9): error TS2739: Type 'Resolved' is missing the following properties from type 'Promise<Resolved>': then, catch, [Symbol.toStringTag], finally
src/gyccode/cli/cmd/db.ts(124,39): error TS18046: 'state.output' is of type 'unknown'.
src/gyccode/cli/cmd/pair.ts(32,31): error TS2345: Argument of type 'string' is not assignable to parameter of type '"GYC_WEIXIN_ACCOUNT_ID" | "GYC_WEIXIN_BASE_URL" | "GYC_WEIXIN_HOME_CHANNEL" | "GYC_WEIXIN_TOKEN"'.
src/gyccode/cli/cmd/pair.ts(34,38): error TS2345: Argument of type 'string' is not assignable to parameter of type '"GYC_WEIXIN_ACCOUNT_ID" | "GYC_WEIXIN_BASE_URL" | "GYC_WEIXIN_HOME_CHANNEL" | "GYC_WEIXIN_TOKEN"'.
src/gyccode/cli/cmd/workflow.ts(38,39): error TS2345: Argument of type 'Effect<WorkflowDef[], never, Service>' is not assignable to parameter of type 'Effect<WorkflowDef[], never, never>'.
  Type 'Service' is not assignable to type 'never'.
src/gyccode/cli/cmd/workflow.ts(78,9): error TS2345: Argument of type 'Effect<WorkflowRun, never, Service>' is not assignable to parameter of type 'Effect<WorkflowRun, never, never>'.
  Type 'Service' is not assignable to type 'never'.
src/gyccode/cli/cmd/workflow.ts(80,13): error TS2322: Type 'string | undefined' is not assignable to type 'string'.
  Type 'undefined' is not assignable to type 'string'.
src/gyccode/cli/cmd/workflow.ts(114,40): error TS2345: Argument of type 'Effect<WorkflowRun | undefined, never, Service>' is not assignable to parameter of type 'Effect<WorkflowRun | undefined, never, never>'.
  Type 'Service' is not assignable to type 'never'.
src/gyccode/cli/cmd/workflow.ts(122,39): error TS2345: Argument of type 'Effect<WorkflowRun[], never, Service>' is not assignable to parameter of type 'Effect<WorkflowRun[], never, never>'.
  Type 'Service' is not assignable to type 'never'.
src/gyccode/cli/cmd/workflow.ts(145,26): error TS2345: Argument of type 'Effect<void, NotFoundError, Service>' is not assignable to parameter of type 'Effect<void, NotFoundError, never>'.
  Type 'Service' is not assignable to type 'never'.
src/gyccode/cli/core/executor.ts(649,33): error TS2345: Argument of type 'string | undefined' is not assignable to parameter of type 'string'.
  Type 'undefined' is not assignable to type 'string'.
src/gyccode/cli/core/executor.ts(652,52): error TS2353: Object literal may only specify known properties, and 'id' does not exist in type '{ providerID: string; modelID: string; }'.
src/gyccode/cli/core/executor.ts(655,13): error TS2322: Type '{ type: string; url: string; filename: string; mime: string; }' is not assignable to type 'AgentPartInput | FilePartInput | SubtaskPartInput | TextPartInput'.
  Type '{ type: string; url: string; filename: string; mime: string; }' is not assignable to type 'FilePartInput'.
    Types of property 'type' are incompatible.
      Type 'string' is not assignable to type '"file"'.
src/gyccode/cli/core/executor.ts(655,29): error TS2322: Type 'string' is not assignable to type '"agent" | "file" | "subtask" | "text"'.
src/gyccode/cli/core/input.ts(131,11): error TS2339: Property 'setRawMode' does not exist on type 'typeof import("tty")'.
src/gyccode/cli/core/input.ts(141,11): error TS2339: Property 'setRawMode' does not exist on type 'typeof import("tty")'.
src/gyccode/cli/core/input.ts(232,35): error TS2304: Cannot find name 'chunk'.
src/gyccode/cli/core/interactive.ts(12,10): error TS2305: Module '"./interactive-types"' has no exported member 'HistorySearchResult'.
src/gyccode/cli/core/interactive.ts(439,52): error TS2353: Object literal may only specify known properties, and 'id' does not exist in type '{ providerID: string; modelID: string; }'.
src/gyccode/cli/core/pipeline.ts(185,5): error TS2322: Type '{ permission: string; action: string; pattern: string; }[]' is not assignable to type 'PermissionRule[]'.
  Type '{ permission: string; action: string; pattern: string; }' is not assignable to type 'PermissionRule'.
    Types of property 'action' are incompatible.
      Type 'string' is not assignable to type 'PermissionAction'.
src/gyccode/cli/core/pipeline.ts(236,52): error TS2353: Object literal may only specify known properties, and 'id' does not exist in type '{ providerID: string; modelID: string; }'.
src/gyccode/cli/core/pipeline.ts(286,37): error TS2322: Type 'string | number' is not assignable to type 'number'.
  Type 'string' is not assignable to type 'number'.
src/gyccode/cli/core/renderer.ts(43,7): error TS2741: Property 'stream' is missing in type 'AsyncIterable<unknown>' but required in type 'ServerSentEventsResult<EventSubscribeResponses, void, unknown>'.
src/gyccode/cli/core/renderer.ts(63,29): error TS2698: Spread types may only be created from object types.
src/gyccode/cli/core/session.ts(59,7): error TS2322: Type '{ permission: string; action: string; pattern: string; }[]' is not assignable to type 'PermissionRule[]'.
  Type '{ permission: string; action: string; pattern: string; }' is not assignable to type 'PermissionRule'.
    Types of property 'action' are incompatible.
      Type 'string' is not assignable to type 'PermissionAction'.
src/gyccode/cli/core/session.ts(67,5): error TS2322: Type 'Session | undefined' is not assignable to type 'SessionV2Info | undefined'.
  Property 'location' is missing in type 'Session' but required in type 'SessionV2Info'.
src/gyccode/cli/core/session.ts(114,43): error TS2339: Property 'rename' does not exist on type 'Session2'.
src/gyccode/cli/core/session.ts(126,43): error TS2339: Property 'export' does not exist on type 'Session2'.
src/gyccode/cli/core/session.ts(154,43): error TS2339: Property 'permission' does not exist on type 'Session2'.
src/gyccode/cli/core/session.ts(160,43): error TS2339: Property 'permission' does not exist on type 'Session2'.
src/gyccode/cli/theme.ts(183,14): error TS2300: Duplicate identifier 'CliTheme'.
src/gyccode/cli/theme.ts(285,13): error TS2300: Duplicate identifier 'CliTheme'.
src/gyccode/gateway/adapter.ts(21,10): error TS2304: Cannot find name 'GatewayErrorKind'.
src/gyccode/gateway/reply.ts(170,51): error TS2345: Argument of type 'unknown' is not assignable to parameter of type 'number | Signals | undefined'.
src/gyccode/gateway/reply.ts(193,51): error TS2345: Argument of type 'unknown' is not assignable to parameter of type 'number | Signals | undefined'.
src/gyccode/gateway/weixin.ts(39,5): error TS2345: Argument of type 'Promise<void | (() => void)>' is not assignable to parameter of type 'Promise<void>'.
  Type 'void | (() => void)' is not assignable to type 'void'.
    Type '() => void' is not assignable to type 'void'.
src/gyccode/gateway/weixin.ts(256,11): error TS2322: Type 'GatewayError | IlinkBaseResponse' is not assignable to type 'IlinkBaseResponse'.
  Type 'GatewayError' has no properties in common with type 'IlinkBaseResponse'.
src/gyccode/gateway/weixin.ts(315,39): error TS2339: Property 'get_updates_buf' does not exist on type 'IlinkBaseResponse'.
src/gyccode/gateway/weixin.ts(320,35): error TS2339: Property 'msgs' does not exist on type 'IlinkBaseResponse'.
src/gyccode/index.ts(363,15): error TS2322: Type 'string | undefined' is not assignable to type 'string'.
  Type 'undefined' is not assignable to type 'string'.
src/gyccode/permission/index.ts(48,7): error TS2345: Argument of type '(ctx: InstanceContext) => Effect<{ pending: any; approved: never[]; }, unknown, unknown>' is not assignable to parameter of type '(ctx: InstanceContext) => Effect<State, never, Scope>'.
  Type 'Effect<{ pending: any; approved: never[]; }, unknown, unknown>' is not assignable to type 'Effect<State, never, Scope>'.
    Type 'unknown' is not assignable to type 'never'.
src/gyccode/permission/index.ts(51,27): error TS2304: Cannot find name 'Ref'.
src/gyccode/permission/index.ts(56,11): error TS2322: Type 'Effect<void, unknown, unknown>' is not assignable to type 'Effect<void, never, unknown>'.
  Type 'unknown' is not assignable to type 'never'.
src/gyccode/permission/index.ts(57,37): error TS2304: Cannot find name 'Ref'.
src/gyccode/permission/index.ts(58,20): error TS2304: Cannot find name 'Ref'.
src/gyccode/permission/index.ts(101,14): error TS2304: Cannot find name 'Ref'.
src/gyccode/permission/index.ts(101,31): error TS2339: Property 'pending' does not exist on type 'InstanceState<State, never, never>'.
src/gyccode/permission/index.ts(101,41): error TS7006: Parameter 'm' implicitly has an 'any' type.
src/gyccode/permission/index.ts(108,9): error TS2304: Cannot find name 'Ref'.
src/gyccode/permission/index.ts(108,26): error TS2339: Property 'pending' does not exist on type 'InstanceState<State, never, never>'.
src/gyccode/permission/index.ts(108,36): error TS7006: Parameter 'm' implicitly has an 'any' type.
src/gyccode/permission/index.ts(117,31): error TS2304: Cannot find name 'Ref'.
src/gyccode/permission/index.ts(117,45): error TS2339: Property 'pending' does not exist on type 'InstanceState<State, never, never>'.
src/gyccode/permission/index.ts(117,77): error TS18046: 'm' is of type 'unknown'.
src/gyccode/permission/index.ts(120,14): error TS2304: Cannot find name 'Ref'.
src/gyccode/permission/index.ts(120,31): error TS2339: Property 'pending' does not exist on type 'InstanceState<State, never, never>'.
src/gyccode/permission/index.ts(120,41): error TS7006: Parameter 'm' implicitly has an 'any' type.
src/gyccode/permission/index.ts(138,34): error TS2304: Cannot find name 'Ref'.
src/gyccode/permission/index.ts(138,48): error TS2339: Property 'pending' does not exist on type 'InstanceState<State, never, never>'.
src/gyccode/permission/index.ts(139,15): error TS7031: Binding element 'item' implicitly has an 'any' type.
src/gyccode/permission/index.ts(141,16): error TS2304: Cannot find name 'Ref'.
src/gyccode/permission/index.ts(141,33): error TS2339: Property 'pending' does not exist on type 'InstanceState<State, never, never>'.
src/gyccode/permission/index.ts(141,43): error TS7006: Parameter 'm' implicitly has an 'any' type.
src/gyccode/permission/index.ts(167,33): error TS2304: Cannot find name 'Ref'.
src/gyccode/permission/index.ts(167,47): error TS2339: Property 'pending' does not exist on type 'InstanceState<State, never, never>'.
src/gyccode/permission/index.ts(167,78): error TS7031: Binding element 'item' implicitly has an 'any' type.
src/gyccode/permission/index.ts(170,12): error TS7006: Parameter 'pattern' implicitly has an 'any' type.
src/gyccode/permission/index.ts(173,14): error TS2304: Cannot find name 'Ref'.
src/gyccode/permission/index.ts(173,31): error TS2339: Property 'pending' does not exist on type 'InstanceState<State, never, never>'.
src/gyccode/permission/index.ts(173,41): error TS7006: Parameter 'm' implicitly has an 'any' type.
src/gyccode/permission/index.ts(188,30): error TS2304: Cannot find name 'Ref'.
src/gyccode/permission/index.ts(188,44): error TS2339: Property 'pending' does not exist on type 'InstanceState<State, never, never>'.
src/gyccode/permission/index.ts(189,53): error TS18046: 'item' is of type 'unknown'.
src/gyccode/permission/index.ts(192,25): error TS2719: Type '(input: { readonly sessionID: string & import("C:/gyc-code/node_modules/.bun/effect@4.0.0-beta.83/node_modules/effect/dist/Brand").Brand<"SessionID">; readonly permission: string; ... 5 more ...; readonly ruleset: readonly { ...; }[]; }) => import("C:/gyc-code/node_modules/.bun/effect@4.0.0-beta.83/node_modules/effe...' is not assignable to type '(input: { readonly sessionID: string & import("C:/gyc-code/node_modules/.bun/effect@4.0.0-beta.83/node_modules/effect/dist/Brand").Brand<"SessionID">; readonly permission: string; ... 5 more ...; readonly ruleset: readonly { ...; }[]; }) => import("C:/gyc-code/node_modules/.bun/effect@4.0.0-beta.83/node_modules/effe...'. Two different types with this name exist, but they are unrelated.
  Type 'Effect<void, unknown, unknown>' is not assignable to type 'Effect<void, Error, never>'.
    Type 'unknown' is not assignable to type 'Error'.
src/gyccode/permission/index.ts(192,30): error TS2322: Type '(input: { readonly reply: "always" | "once" | "reject"; readonly message?: string | undefined; readonly requestID: string & Brand<"PermissionID">; }) => Effect<undefined, unknown, unknown>' is not assignable to type '(input: { readonly reply: "always" | "once" | "reject"; readonly message?: string | undefined; readonly requestID: string & Brand<"PermissionID">; }) => Effect<void, NotFoundError, never>'.
  Type 'Effect<undefined, unknown, unknown>' is not assignable to type 'Effect<void, NotFoundError, never>'.
    Type 'unknown' is not assignable to type 'NotFoundError'.
src/gyccode/permission/index.ts(192,37): error TS2322: Type '() => Effect<any[], unknown, unknown>' is not assignable to type '() => Effect<readonly { readonly id: string & Brand<"PermissionID">; readonly sessionID: string & Brand<"SessionID">; readonly permission: string; readonly patterns: readonly string[]; readonly metadata: { ...; }; readonly always: readonly string[]; readonly tool?: { ...; } | undefined; }[], never, never>'.
  Type 'Effect<any[], unknown, unknown>' is not assignable to type 'Effect<readonly { readonly id: string & Brand<"PermissionID">; readonly sessionID: string & Brand<"SessionID">; readonly permission: string; readonly patterns: readonly string[]; readonly metadata: { ...; }; readonly always: readonly string[]; readonly tool?: { ...; } | undefined; }[], never, never>'.
    Type 'unknown' is not assignable to type 'never'.
src/llm/route/executor.ts(286,9): error TS2345: Argument of type 'Stream<unknown, unknown, unknown>' is not assignable to parameter of type '(_: Stream<Uint8Array<ArrayBufferLike>, HttpClientError, never>) => never'.
  Type 'Stream<unknown, unknown, unknown>' provides no match for the signature '(_: Stream<Uint8Array<ArrayBufferLike>, HttpClientError, never>): never'.
src/llm/route/executor.ts(286,26): error TS2769: No overload matches this call.
  The last overload gave the following error.
    Argument of type '(_: any, i: any) => boolean' is not assignable to parameter of type 'Stream<unknown, unknown, unknown>'.
src/llm/route/executor.ts(286,27): error TS7006: Parameter '_' implicitly has an 'any' type.
src/llm/route/executor.ts(286,30): error TS7006: Parameter 'i' implicitly has an 'any' type.
src/llm/route/executor.ts(287,31): error TS18046: 'chunk' is of type 'unknown'.
src/llm/route/executor.ts(287,71): error TS18046: 'chunk' is of type 'unknown'.
src/llm/route/executor.ts(290,68): error TS2339: Property 'toArray' does not exist on type 'unknown[]'.
src/llm/route/executor.ts(345,21): error TS2339: Property 'request' does not exist on type 'TimeoutError'.
src/llm/route/executor.ts(345,79): error TS2339: Property 'request' does not exist on type 'TimeoutError'.
src/llm/route/executor.ts(400,29): error TS2322: Type 'Effect<HttpClientResponse, LLMError, unknown>' is not assignable to type 'Effect<HttpClientResponse, LLMError, never>'.
  Type 'unknown' is not assignable to type 'never'.
src/protocol/groups/workflow.ts(28,7): error TS2769: No overload matches this call.
  The last overload gave the following error.
    Type 'typeof WorkflowRun' is not assignable to type 'Bottom<void, void, never, never, Void, Void, void, void, readonly [], void, "readonly", "required", "no-default", "readonly", "required">'.
      The types of 'Rebuild.Iso' are incompatible between these types.
        Type '{ readonly id: string; readonly workflow: string; readonly sessionID: string; readonly directory: string; readonly status: "aborted" | "done" | "failed" | "pending" | "running"; readonly currentStepIndex: number; readonly steps: readonly { ...; }[]; readonly error?: string | undefined; readonly timeCreated: number; ...' is not assignable to type 'void'.
src/protocol/groups/workflow.ts(52,7): error TS2769: No overload matches this call.
  The last overload gave the following error.
    Type 'optional<typeof WorkflowRun>' is not assignable to type 'Bottom<void, void, never, never, Void, Void, void, void, readonly [], void, "readonly", "required", "no-default", "readonly", "required">'.
      Types of property 'Iso' are incompatible.
        Type '{ readonly id: string; readonly workflow: string; readonly sessionID: string; readonly directory: string; readonly status: "aborted" | "done" | "failed" | "pending" | "running"; ... 4 more ...; readonly timeUpdated: number; } | undefined' is not assignable to type 'void'.
          Type '{ readonly id: string; readonly workflow: string; readonly sessionID: string; readonly directory: string; readonly status: "aborted" | "done" | "failed" | "pending" | "running"; readonly currentStepIndex: number; readonly steps: readonly { ...; }[]; readonly error?: string | undefined; readonly timeCreated: number; ...' is not assignable to type 'void'.
src/protocol/groups/workflow.ts(63,7): error TS2769: No overload matches this call.
  The last overload gave the following error.
    Object literal may only specify known properties, and 'path' does not exist in type '{ readonly disableCodecs: true; readonly params?: undefined; readonly query?: undefined; readonly headers?: undefined; readonly payload?: undefined; readonly success?: NoContent | undefined; readonly error?: undefined; }'.
src/server/handlers/workflow.ts(15,34): error TS2339: Property 'body' does not exist on type '{ readonly headers: never; readonly request: HttpServerRequest; readonly endpoint: HttpApiEndpoint<"workflow.start", "POST", "/api/workflow/start", StringTree<never>, ... 6 more ..., never>; readonly group: AnyWithProps; }'.
src/server/handlers/workflow.ts(27,32): error TS2339: Property 'path' does not exist on type '{ readonly headers: never; readonly request: HttpServerRequest; readonly endpoint: HttpApiEndpoint<"workflow.get", "GET", "/api/workflow/:id", StringTree<never>, StringTree<...>, ... 5 more ..., never>; readonly group: AnyWithProps; }'.
src/server/handlers/workflow.ts(33,34): error TS2339: Property 'path' does not exist on type '{ readonly headers: never; readonly request: HttpServerRequest; readonly endpoint: HttpApiEndpoint<"workflow.abort", "POST", "/api/workflow/:id/abort", StringTree<never>, ... 6 more ..., never>; readonly group: AnyWithProps; }'.
src/server/handlers/workflow.ts(34,7): error TS2322: Type 'Effect<void, NotFoundError, Service>' is not assignable to type 'Effect<void | HttpServerResponse, InvalidRequestError | TooManyRequestsError | UnauthorizedError, Service>'.
  Type 'NotFoundError' is not assignable to type 'InvalidRequestError | TooManyRequestsError | UnauthorizedError'.
    Type 'NotFoundError' is not assignable to type 'UnauthorizedError'.
      Types of property '_tag' are incompatible.
        Type '"Workflow.NotFoundError"' is not assignable to type '"UnauthorizedError"'.
src/tui/context/data.tsx(83,40): error TS2345: Argument of type 'unknown' is not assignable to parameter of type 'StoreSetter<AgentV2Info[] | CommandV2Info[] | IntegrationInfo[] | ModelV2Info[] | ProviderV2Info[] | ReferenceInfo[] | SkillV2Info[] | undefined, [...]>'.
src/tui/context/local.tsx(436,14): error TS2552: Cannot find name 'writeJsonAtomicLogged'. Did you mean 'writeJsonAtomic'?
src/tui/routes/session/index.tsx(1737,78): error TS2339: Property 'text' does not exist on type 'Part'.
  Property 'text' does not exist on type 'AgentPart'.
